// Jest Snapshot v1, https://goo.gl/fbAQLP

exports[`renders without crashing 1`] = `
<ScrollView
  onScroll={[Function]}
  scrollEventThrottle={0}
>
  <Connect(withNavigation(ShuttleCardContainer))
    key="shuttle"
  />
  <Connect(withNavigation(ParkingCardContainer))
    key="parking"
  />
  <Connect(DiningCardContainer)
    key="dining"
  />
  <Connect(EventCardContainer)
    key="events"
  />
  <Connect(NewsCardContainer)
    key="news"
  />
  <Connect(QuicklinksCardContainer)
    key="quicklinks"
  />
  <Connect(WeatherCardContainer)
    key="weather"
  />
</ScrollView>
`;
